// Jest Snapshot v1, https://goo.gl/fbAQLP

exports[`should render add expence 1`] = `
<div>
  <h1>
    Add Expence
  </h1>
  <ExpanceForm
    onSubmit={[Function]}
  />
</div>
`;
