// Jest Snapshot v1, https://goo.gl/fbAQLP

exports[`should render ExpenDashBord page 1`] = `
<div>
  <h1>
    Dash Bord
  </h1>
  <Connect(ExpenListFilter) />
  <Connect(ExpenList) />
</div>
`;
