// Jest Snapshot v1, https://goo.gl/fbAQLP

exports[`should render snapshot of login 1`] = `
<div
  className="ui container"
>
  <button
    className="ui secondary button"
  >
    Login
  </button>
</div>
`;
